     VMA      LMA     Size Align Out     In      Symbol
     194      194       16     1 .interp
     194      194       16     1         <internal>:(.interp)
     1ac      1ac       80     4 .dynsym
     1ac      1ac       80     4         <internal>:(.dynsym)
     22c      22c       20     4 .gnu.hash
     22c      22c       20     4         <internal>:(.gnu.hash)
     24c      24c       48     4 .hash
     24c      24c       48     4         <internal>:(.hash)
     294      294      1c9     1 .dynstr
     294      294      1c9     1         <internal>:(.dynstr)
     460      460       40     4 .rel.dyn
     460      460       40     4         <internal>:(.rel.dyn)
     4a0      4a0       10     4 .ARM.exidx
     4a0      4a0       10     4         <internal>:(.ARM.exidx)
     4b0      4b0       28     4 .rel.plt
     4b0      4b0       28     4         <internal>:(.rel.plt)
     4d8      4d8        c     4 .eh_frame_hdr
     4d8      4d8        c     4         <internal>:(.eh_frame_hdr)
     4e4      4e4        4     4 .eh_frame
    1000     1000      168     4 .text
    1000     1000       24     4         /home/zr/workspace/gitHub/my-OHOS/prebuilts/lite/sysroot/usr/lib/arm-liteos/Scrt1.o:(.text)
    1000     1000        0     1                 $a.0
    1000     1000        0     1                 _start
    1020     1020        0     1                 $d.1
    1024     1024       4c     4         /home/zr/workspace/gitHub/my-OHOS/prebuilts/lite/sysroot/usr/lib/arm-liteos/Scrt1.o:(.text._start_c)
    1024     1024        0     1                 $a.2
    1024     1024       4c     1                 _start_c
    1064     1064        0     1                 $d.3
    1070     1070        0     4         /home/zr/workspace/gitHub/my-OHOS/prebuilts/lite/sysroot/usr/lib/arm-liteos/crti.o:(.text)
    1070     1070        0     4         /home/zr/llvm/lib/clang/9.0.0/lib/arm-liteos/clang_rt.crtbegin.o:(.text)
    1070     1070       78     4         /home/zr/llvm/lib/clang/9.0.0/lib/arm-liteos/clang_rt.crtbegin.o:(.text.__do_init)
    1070     1070        0     1                 $a.0
    1070     1070       78     1                 __do_init
    10d4     10d4        0     1                 $d.1
    10e8     10e8       6c     4         /home/zr/llvm/lib/clang/9.0.0/lib/arm-liteos/clang_rt.crtbegin.o:(.text.__do_fini)
    10e8     10e8        0     1                 $a.2
    10e8     10e8       6c     1                 __do_fini
    1144     1144        0     1                 $d.3
    1154     1154        0     4         /home/zr/llvm/lib/clang/9.0.0/lib/arm-liteos/clang_rt.crtend.o:(.text)
    1154     1154        0     4         /home/zr/workspace/gitHub/my-OHOS/prebuilts/lite/sysroot/usr/lib/arm-liteos/crtn.o:(.text)
    1154     1154        0     4         lto.tmp:(.text)
    1154     1154       14     4         lto.tmp:(.text.main)
    1154     1154        0     1                 $a.0
    1154     1154       14     1                 main
    1168     1168        c     1 .init
    1168     1168        4     1         /home/zr/workspace/gitHub/my-OHOS/prebuilts/lite/sysroot/usr/lib/arm-liteos/crti.o:(.init)
    1168     1168        0     1                 $a.0
    1168     1168        0     1                 _init
    116c     116c        8     1         /home/zr/workspace/gitHub/my-OHOS/prebuilts/lite/sysroot/usr/lib/arm-liteos/crtn.o:(.init)
    116c     116c        0     1                 $a.0
    1174     1174        c     1 .fini
    1174     1174        4     1         /home/zr/workspace/gitHub/my-OHOS/prebuilts/lite/sysroot/usr/lib/arm-liteos/crti.o:(.fini)
    1174     1174        0     1                 $a.1
    1174     1174        0     1                 _fini
    1178     1178        8     1         /home/zr/workspace/gitHub/my-OHOS/prebuilts/lite/sysroot/usr/lib/arm-liteos/crtn.o:(.fini)
    1178     1178        0     1                 $a.1
    1180     1180       70    16 .plt
    1180     1180       70    16         <internal>:(.plt)
    2000     2000        4     4 .init_array
    2000     2000        4     4         /home/zr/llvm/lib/clang/9.0.0/lib/arm-liteos/clang_rt.crtbegin.o:(.init_array)
    2000     2000        4     1                 __init
    2004     2004        4     4 .fini_array
    2004     2004        4     4         /home/zr/llvm/lib/clang/9.0.0/lib/arm-liteos/clang_rt.crtbegin.o:(.fini_array)
    2004     2004        4     1                 __fini
    2008     2008      178     4 .dynamic
    2008     2008      178     4         <internal>:(.dynamic)
    2180     2180       14     4 .got
    2180     2180       14     4         <internal>:(.got)
    2194     2194       20     4 .got.plt
    2194     2194       20     4         <internal>:(.got.plt)
    21b4     21b4        0     1 .bss.rel.ro
    21b4     21b4        0     1         <internal>:(.bss.rel.ro)
    3000     3000        4     4 .data
    3000     3000        4     4         /home/zr/llvm/lib/clang/9.0.0/lib/arm-liteos/clang_rt.crtbegin.o:(.data.__dso_handle)
    3000     3000        4     1                 __dso_handle
    3004     3004       25     4 .bss
    3004     3004        1     1         /home/zr/llvm/lib/clang/9.0.0/lib/arm-liteos/clang_rt.crtbegin.o:(.bss.__do_init.__initialized)
    3004     3004        1     1                 __do_init.__initialized
    3008     3008       20     4         /home/zr/llvm/lib/clang/9.0.0/lib/arm-liteos/clang_rt.crtbegin.o:(.bss.__do_init.__object)
    3008     3008       20     1                 __do_init.__object
    3028     3028        1     1         /home/zr/llvm/lib/clang/9.0.0/lib/arm-liteos/clang_rt.crtbegin.o:(.bss.__do_fini.__finalized)
    3028     3028        1     1                 __do_fini.__finalized
    3029     3029        0     1         <internal>:(.bss)
       0        0       db     1 .comment
       0        0       db     1         <internal>:(.comment)
       0        0       38     1 .ARM.attributes
       0        0       38     1         /home/zr/workspace/gitHub/my-OHOS/prebuilts/lite/sysroot/usr/lib/arm-liteos/Scrt1.o:(.ARM.attributes)
       0        0      330     4 .symtab
       0        0      330     4         <internal>:(.symtab)
       0        0       ee     1 .shstrtab
       0        0       ee     1         <internal>:(.shstrtab)
       0        0      155     1 .strtab
       0        0      155     1         <internal>:(.strtab)
