     VMA      LMA     Size Align Out     In      Symbol
     194      194       16     1 .interp
     194      194       16     1         <internal>:(.interp)
     1ac      1ac      200     4 .dynsym
     1ac      1ac      200     4         <internal>:(.dynsym)
     3ac      3ac       20     4 .gnu.hash
     3ac      3ac       20     4         <internal>:(.gnu.hash)
     3cc      3cc      108     4 .hash
     3cc      3cc      108     4         <internal>:(.hash)
     4d4      4d4      375     1 .dynstr
     4d4      4d4      375     1         <internal>:(.dynstr)
     84c      84c       58     4 .rel.dyn
     84c      84c       58     4         <internal>:(.rel.dyn)
     8a4      8a4       38     4 .ARM.exidx
     8a4      8a4       38     4         <internal>:(.ARM.exidx)
     8dc      8dc       c8     4 .rel.plt
     8dc      8dc       c8     4         <internal>:(.rel.plt)
     9a4      9a4       80     4 .ARM.extab
     9a4      9a4        c     4         lto.tmp:(.ARM.extab.text.main)
     9b0      9b0       4c     4         lto.tmp:(.ARM.extab.text._ZNSt3__hlsINS_11char_traitsIcEEEERNS_13basic_ostreamIcT_EES6_PKc)
     9b8      9b8        0     1                 GCC_except_table1
     9fc      9fc        c     4         lto.tmp:(.ARM.extab.text._ZNSt3__h4endlIcNS_11char_traitsIcEEEERNS_13basic_ostreamIT_T0_EES7_)
     a08      a08       1c     4         lto.tmp:(.ARM.extab.text._ZNKSt3__h9basic_iosIcNS_11char_traitsIcEEE5widenEc)
     a14      a14        0     1                 GCC_except_table3
     a24      a24       41     1 .rodata
     a24      a24       41     1         <internal>:(.rodata)
     a68      a68        c     4 .eh_frame_hdr
     a68      a68        c     4         <internal>:(.eh_frame_hdr)
     a74      a74        4     4 .eh_frame
    1000     1000      560     4 .text
    1000     1000       24     4         /home/zr/workspace/gitHub/test/my-OHOS/prebuilts/lite/sysroot/usr/lib/arm-liteos/Scrt1.o:(.text)
    1000     1000        0     1                 $a.0
    1000     1000        0     1                 _start
    1020     1020        0     1                 $d.1
    1024     1024       4c     4         /home/zr/workspace/gitHub/test/my-OHOS/prebuilts/lite/sysroot/usr/lib/arm-liteos/Scrt1.o:(.text._start_c)
    1024     1024        0     1                 $a.2
    1024     1024       4c     1                 _start_c
    1064     1064        0     1                 $d.3
    1070     1070        0     4         /home/zr/workspace/gitHub/test/my-OHOS/prebuilts/lite/sysroot/usr/lib/arm-liteos/crti.o:(.text)
    1070     1070        0     4         /home/zr/llvm/lib/clang/9.0.0/lib/arm-liteos/clang_rt.crtbegin.o:(.text)
    1070     1070       78     4         /home/zr/llvm/lib/clang/9.0.0/lib/arm-liteos/clang_rt.crtbegin.o:(.text.__do_init)
    1070     1070        0     1                 $a.0
    1070     1070       78     1                 __do_init
    10d4     10d4        0     1                 $d.1
    10e8     10e8       6c     4         /home/zr/llvm/lib/clang/9.0.0/lib/arm-liteos/clang_rt.crtbegin.o:(.text.__do_fini)
    10e8     10e8        0     1                 $a.2
    10e8     10e8       6c     1                 __do_fini
    1144     1144        0     1                 $d.3
    1154     1154        0     4         /home/zr/llvm/lib/clang/9.0.0/lib/arm-liteos/clang_rt.crtend.o:(.text)
    1154     1154        0     4         /home/zr/workspace/gitHub/test/my-OHOS/prebuilts/lite/sysroot/usr/lib/arm-liteos/crtn.o:(.text)
    1154     1154        0     4         lto.tmp:(.text)
    1154     1154       b0     4         lto.tmp:(.text.main)
    1154     1154        0     1                 $a.0
    1154     1154       b0     1                 main
    11f8     11f8        0     1                 $d.1
    1204     1204      258     4         lto.tmp:(.text._ZNSt3__hlsINS_11char_traitsIcEEEERNS_13basic_ostreamIcT_EES6_PKc)
    1204     1204        0     1                 $a.2
    1204     1204      258     1                 std::__h::basic_ostream<char, std::__h::char_traits<char> >& std::__h::operator<<<std::__h::char_traits<char> >(std::__h::basic_ostream<char, std::__h::char_traits<char> >&, char const*)
    1440     1440        0     1                 $d.3
    145c     145c       6c     4         lto.tmp:(.text._ZNSt3__h4endlIcNS_11char_traitsIcEEEERNS_13basic_ostreamIT_T0_EES7_)
    145c     145c        0     1                 $a.4
    145c     145c       6c     1                 std::__h::basic_ostream<char, std::__h::char_traits<char> >& std::__h::endl<char, std::__h::char_traits<char> >(std::__h::basic_ostream<char, std::__h::char_traits<char> >&)
    14c0     14c0        0     1                 $d.5
    14c8     14c8       90     4         lto.tmp:(.text._ZNKSt3__h9basic_iosIcNS_11char_traitsIcEEE5widenEc)
    14c8     14c8        0     1                 $a.6
    14c8     14c8       90     1                 std::__h::basic_ios<char, std::__h::char_traits<char> >::widen(char) const
    1550     1550        0     1                 $d.7
    1558     1558        8     4         lto.tmp:(.text.__clang_call_terminate)
    1558     1558        0     1                 $a.8
    1558     1558        8     1                 __clang_call_terminate
    1560     1560        c     1 .init
    1560     1560        4     1         /home/zr/workspace/gitHub/test/my-OHOS/prebuilts/lite/sysroot/usr/lib/arm-liteos/crti.o:(.init)
    1560     1560        0     1                 $a.0
    1560     1560        0     1                 _init
    1564     1564        8     1         /home/zr/workspace/gitHub/test/my-OHOS/prebuilts/lite/sysroot/usr/lib/arm-liteos/crtn.o:(.init)
    1564     1564        0     1                 $a.0
    156c     156c        c     1 .fini
    156c     156c        4     1         /home/zr/workspace/gitHub/test/my-OHOS/prebuilts/lite/sysroot/usr/lib/arm-liteos/crti.o:(.fini)
    156c     156c        0     1                 $a.1
    156c     156c        0     1                 _fini
    1570     1570        8     1         /home/zr/workspace/gitHub/test/my-OHOS/prebuilts/lite/sysroot/usr/lib/arm-liteos/crtn.o:(.fini)
    1570     1570        0     1                 $a.1
    1580     1580      1b0    16 .plt
    1580     1580      1b0    16         <internal>:(.plt)
    2000     2000        4     4 .init_array
    2000     2000        4     4         /home/zr/llvm/lib/clang/9.0.0/lib/arm-liteos/clang_rt.crtbegin.o:(.init_array)
    2000     2000        4     1                 __init
    2004     2004        4     4 .fini_array
    2004     2004        4     4         /home/zr/llvm/lib/clang/9.0.0/lib/arm-liteos/clang_rt.crtbegin.o:(.fini_array)
    2004     2004        4     1                 __fini
    2008     2008       d8     4 .dynamic
    2008     2008       d8     4         <internal>:(.dynamic)
    20e0     20e0       20     4 .got
    20e0     20e0       20     4         <internal>:(.got)
    2100     2100       70     4 .got.plt
    2100     2100       70     4         <internal>:(.got.plt)
    2170     2170        0     1 .bss.rel.ro
    2170     2170        0     1         <internal>:(.bss.rel.ro)
    3000     3000        4     4 .data
    3000     3000        4     4         /home/zr/llvm/lib/clang/9.0.0/lib/arm-liteos/clang_rt.crtbegin.o:(.data.__dso_handle)
    3000     3000        4     1                 __dso_handle
    3004     3004       25     4 .bss
    3004     3004        1     1         /home/zr/llvm/lib/clang/9.0.0/lib/arm-liteos/clang_rt.crtbegin.o:(.bss.__do_init.__initialized)
    3004     3004        1     1                 __do_init.__initialized
    3008     3008       20     4         /home/zr/llvm/lib/clang/9.0.0/lib/arm-liteos/clang_rt.crtbegin.o:(.bss.__do_init.__object)
    3008     3008       20     1                 __do_init.__object
    3028     3028        1     1         /home/zr/llvm/lib/clang/9.0.0/lib/arm-liteos/clang_rt.crtbegin.o:(.bss.__do_fini.__finalized)
    3028     3028        1     1                 __do_fini.__finalized
    3029     3029        0     1         <internal>:(.bss)
       0        0       db     1 .comment
       0        0       db     1         <internal>:(.comment)
       0        0       38     1 .ARM.attributes
       0        0       38     1         /home/zr/workspace/gitHub/test/my-OHOS/prebuilts/lite/sysroot/usr/lib/arm-liteos/Scrt1.o:(.ARM.attributes)
       0        0      810     4 .symtab
       0        0      810     4         <internal>:(.symtab)
       0        0      101     1 .shstrtab
       0        0      101     1         <internal>:(.shstrtab)
       0        0      55d     1 .strtab
       0        0      55d     1         <internal>:(.strtab)
